2026-03-21 17:40:42,515 | INFO | Refreshing official Nasdaq symbol directory cache
2026-03-21 17:40:45,984 | INFO | Adding job tentatively -- it will be properly scheduled when the scheduler starts
2026-03-21 17:40:46,475 | INFO | HTTP Request: POST https://api.telegram.org/bot8641883183:AAEd0YFwzLYC5o7wSRvCsscvA3eq82_2s9U/getMe "HTTP/1.1 200 OK"
2026-03-21 17:40:46,476 | INFO | Added job "_poll_job" to job store "default"
2026-03-21 17:40:46,476 | INFO | Scheduler started
2026-03-21 17:40:46,476 | INFO | Application started
2026-03-21 17:40:46,632 | INFO | HTTP Request: POST https://api.telegram.org/bot8641883183:AAEd0YFwzLYC5o7wSRvCsscvA3eq82_2s9U/deleteWebhook "HTTP/1.1 200 OK"
2026-03-21 17:40:46,634 | INFO | Bot started
2026-03-21 17:40:47,064 | INFO | HTTP Request: POST https://api.telegram.org/bot8641883183:AAEd0YFwzLYC5o7wSRvCsscvA3eq82_2s9U/getUpdates "HTTP/1.1 200 OK"
2026-03-21 17:40:50,986 | INFO | Running job "_poll_job (trigger: interval[0:10:00], next run at: 2026-03-21 21:50:50 UTC)" (scheduled at 2026-03-21 21:40:50.984100+00:00)
2026-03-21 17:40:51,694 | INFO | Job "_poll_job (trigger: interval[0:10:00], next run at: 2026-03-21 21:50:50 UTC)" executed successfully
2026-03-21 17:40:57,208 | INFO | HTTP Request: POST https://api.telegram.org/bot8641883183:AAEd0YFwzLYC5o7wSRvCsscvA3eq82_2s9U/getUpdates "HTTP/1.1 200 OK"
2026-03-21 17:41:07,352 | INFO | HTTP Request: POST https://api.telegram.org/bot8641883183:AAEd0YFwzLYC5o7wSRvCsscvA3eq82_2s9U/getUpdates "HTTP/1.1 200 OK"
2026-03-21 17:41:17,496 | INFO | HTTP Request: POST https://api.telegram.org/bot8641883183:AAEd0YFwzLYC5o7wSRvCsscvA3eq82_2s9U/getUpdates "HTTP/1.1 200 OK"
2026-03-21 17:41:27,710 | INFO | HTTP Request: POST https://api.telegram.org/bot8641883183:AAEd0YFwzLYC5o7wSRvCsscvA3eq82_2s9U/getUpdates "HTTP/1.1 200 OK"
2026-03-21 17:41:37,855 | INFO | HTTP Request: POST https://api.telegram.org/bot8641883183:AAEd0YFwzLYC5o7wSRvCsscvA3eq82_2s9U/getUpdates "HTTP/1.1 200 OK"
2026-03-21 17:41:48,087 | INFO | HTTP Request: POST https://api.telegram.org/bot8641883183:AAEd0YFwzLYC5o7wSRvCsscvA3eq82_2s9U/getUpdates "HTTP/1.1 200 OK"
2026-03-21 17:41:58,230 | INFO | HTTP Request: POST https://api.telegram.org/bot8641883183:AAEd0YFwzLYC5o7wSRvCsscvA3eq82_2s9U/getUpdates "HTTP/1.1 200 OK"
2026-03-21 17:42:08,374 | INFO | HTTP Request: POST https://api.telegram.org/bot8641883183:AAEd0YFwzLYC5o7wSRvCsscvA3eq82_2s9U/getUpdates "HTTP/1.1 200 OK"
2026-03-21 17:42:18,528 | INFO | HTTP Request: POST https://api.telegram.org/bot8641883183:AAEd0YFwzLYC5o7wSRvCsscvA3eq82_2s9U/getUpdates "HTTP/1.1 200 OK"
2026-03-21 17:42:28,676 | INFO | HTTP Request: POST https://api.telegram.org/bot8641883183:AAEd0YFwzLYC5o7wSRvCsscvA3eq82_2s9U/getUpdates "HTTP/1.1 200 OK"
2026-03-21 17:42:38,879 | INFO | HTTP Request: POST https://api.telegram.org/bot8641883183:AAEd0YFwzLYC5o7wSRvCsscvA3eq82_2s9U/getUpdates "HTTP/1.1 200 OK"
2026-03-21 17:42:49,119 | INFO | HTTP Request: POST https://api.telegram.org/bot8641883183:AAEd0YFwzLYC5o7wSRvCsscvA3eq82_2s9U/getUpdates "HTTP/1.1 200 OK"
2026-03-21 17:42:59,466 | INFO | HTTP Request: POST https://api.telegram.org/bot8641883183:AAEd0YFwzLYC5o7wSRvCsscvA3eq82_2s9U/getUpdates "HTTP/1.1 200 OK"
2026-03-21 17:43:09,707 | INFO | HTTP Request: POST https://api.telegram.org/bot8641883183:AAEd0YFwzLYC5o7wSRvCsscvA3eq82_2s9U/getUpdates "HTTP/1.1 200 OK"
2026-03-21 17:43:19,860 | INFO | HTTP Request: POST https://api.telegram.org/bot8641883183:AAEd0YFwzLYC5o7wSRvCsscvA3eq82_2s9U/getUpdates "HTTP/1.1 200 OK"
2026-03-21 17:43:30,082 | INFO | HTTP Request: POST https://api.telegram.org/bot8641883183:AAEd0YFwzLYC5o7wSRvCsscvA3eq82_2s9U/getUpdates "HTTP/1.1 200 OK"
2026-03-21 17:43:40,322 | INFO | HTTP Request: POST https://api.telegram.org/bot8641883183:AAEd0YFwzLYC5o7wSRvCsscvA3eq82_2s9U/getUpdates "HTTP/1.1 200 OK"
2026-03-21 17:43:50,467 | INFO | HTTP Request: POST https://api.telegram.org/bot8641883183:AAEd0YFwzLYC5o7wSRvCsscvA3eq82_2s9U/getUpdates "HTTP/1.1 200 OK"
2026-03-21 17:44:00,812 | INFO | HTTP Request: POST https://api.telegram.org/bot8641883183:AAEd0YFwzLYC5o7wSRvCsscvA3eq82_2s9U/getUpdates "HTTP/1.1 200 OK"
2026-03-21 17:44:11,044 | INFO | HTTP Request: POST https://api.telegram.org/bot8641883183:AAEd0YFwzLYC5o7wSRvCsscvA3eq82_2s9U/getUpdates "HTTP/1.1 200 OK"
2026-03-21 17:44:21,283 | INFO | HTTP Request: POST https://api.telegram.org/bot8641883183:AAEd0YFwzLYC5o7wSRvCsscvA3eq82_2s9U/getUpdates "HTTP/1.1 200 OK"
2026-03-21 17:44:31,526 | INFO | HTTP Request: POST https://api.telegram.org/bot8641883183:AAEd0YFwzLYC5o7wSRvCsscvA3eq82_2s9U/getUpdates "HTTP/1.1 200 OK"
2026-03-21 17:44:40,210 | INFO | HTTP Request: POST https://api.telegram.org/bot8641883183:AAEd0YFwzLYC5o7wSRvCsscvA3eq82_2s9U/getUpdates "HTTP/1.1 200 OK"
2026-03-21 17:44:40,906 | INFO | HTTP Request: POST https://api.telegram.org/bot8641883183:AAEd0YFwzLYC5o7wSRvCsscvA3eq82_2s9U/sendMessage "HTTP/1.1 200 OK"
2026-03-21 17:44:50,356 | INFO | HTTP Request: POST https://api.telegram.org/bot8641883183:AAEd0YFwzLYC5o7wSRvCsscvA3eq82_2s9U/getUpdates "HTTP/1.1 200 OK"
2026-03-21 17:44:51,336 | INFO | HTTP Request: POST https://api.telegram.org/bot8641883183:AAEd0YFwzLYC5o7wSRvCsscvA3eq82_2s9U/getUpdates "HTTP/1.1 200 OK"
2026-03-21 17:44:51,913 | INFO | HTTP Request: POST https://api.telegram.org/bot8641883183:AAEd0YFwzLYC5o7wSRvCsscvA3eq82_2s9U/sendMessage "HTTP/1.1 200 OK"
2026-03-21 17:45:01,525 | INFO | HTTP Request: POST https://api.telegram.org/bot8641883183:AAEd0YFwzLYC5o7wSRvCsscvA3eq82_2s9U/getUpdates "HTTP/1.1 200 OK"
2026-03-21 17:45:11,765 | INFO | HTTP Request: POST https://api.telegram.org/bot8641883183:AAEd0YFwzLYC5o7wSRvCsscvA3eq82_2s9U/getUpdates "HTTP/1.1 200 OK"
2026-03-21 17:45:21,916 | INFO | HTTP Request: POST https://api.telegram.org/bot8641883183:AAEd0YFwzLYC5o7wSRvCsscvA3eq82_2s9U/getUpdates "HTTP/1.1 200 OK"
2026-03-21 17:45:32,144 | INFO | HTTP Request: POST https://api.telegram.org/bot8641883183:AAEd0YFwzLYC5o7wSRvCsscvA3eq82_2s9U/getUpdates "HTTP/1.1 200 OK"
2026-03-21 17:45:42,385 | INFO | HTTP Request: POST https://api.telegram.org/bot8641883183:AAEd0YFwzLYC5o7wSRvCsscvA3eq82_2s9U/getUpdates "HTTP/1.1 200 OK"
2026-03-21 17:45:52,625 | INFO | HTTP Request: POST https://api.telegram.org/bot8641883183:AAEd0YFwzLYC5o7wSRvCsscvA3eq82_2s9U/getUpdates "HTTP/1.1 200 OK"
2026-03-21 17:46:02,771 | INFO | HTTP Request: POST https://api.telegram.org/bot8641883183:AAEd0YFwzLYC5o7wSRvCsscvA3eq82_2s9U/getUpdates "HTTP/1.1 200 OK"
2026-03-21 17:46:13,173 | INFO | HTTP Request: POST https://api.telegram.org/bot8641883183:AAEd0YFwzLYC5o7wSRvCsscvA3eq82_2s9U/getUpdates "HTTP/1.1 200 OK"
2026-03-21 17:46:23,334 | INFO | HTTP Request: POST https://api.telegram.org/bot8641883183:AAEd0YFwzLYC5o7wSRvCsscvA3eq82_2s9U/getUpdates "HTTP/1.1 200 OK"
2026-03-21 17:46:33,524 | INFO | HTTP Request: POST https://api.telegram.org/bot8641883183:AAEd0YFwzLYC5o7wSRvCsscvA3eq82_2s9U/getUpdates "HTTP/1.1 200 OK"
2026-03-21 17:46:43,666 | INFO | HTTP Request: POST https://api.telegram.org/bot8641883183:AAEd0YFwzLYC5o7wSRvCsscvA3eq82_2s9U/getUpdates "HTTP/1.1 200 OK"
2026-03-21 17:46:53,862 | INFO | HTTP Request: POST https://api.telegram.org/bot8641883183:AAEd0YFwzLYC5o7wSRvCsscvA3eq82_2s9U/getUpdates "HTTP/1.1 200 OK"
2026-03-21 17:47:04,196 | INFO | HTTP Request: POST https://api.telegram.org/bot8641883183:AAEd0YFwzLYC5o7wSRvCsscvA3eq82_2s9U/getUpdates "HTTP/1.1 200 OK"
2026-03-21 17:47:14,379 | INFO | HTTP Request: POST https://api.telegram.org/bot8641883183:AAEd0YFwzLYC5o7wSRvCsscvA3eq82_2s9U/getUpdates "HTTP/1.1 200 OK"
2026-03-21 17:47:24,536 | INFO | HTTP Request: POST https://api.telegram.org/bot8641883183:AAEd0YFwzLYC5o7wSRvCsscvA3eq82_2s9U/getUpdates "HTTP/1.1 200 OK"
2026-03-21 17:47:34,687 | INFO | HTTP Request: POST https://api.telegram.org/bot8641883183:AAEd0YFwzLYC5o7wSRvCsscvA3eq82_2s9U/getUpdates "HTTP/1.1 200 OK"
2026-03-21 17:47:46,203 | INFO | HTTP Request: POST https://api.telegram.org/bot8641883183:AAEd0YFwzLYC5o7wSRvCsscvA3eq82_2s9U/getUpdates "HTTP/1.1 200 OK"
2026-03-21 17:47:56,347 | INFO | HTTP Request: POST https://api.telegram.org/bot8641883183:AAEd0YFwzLYC5o7wSRvCsscvA3eq82_2s9U/getUpdates "HTTP/1.1 200 OK"
2026-03-21 17:48:06,548 | INFO | HTTP Request: POST https://api.telegram.org/bot8641883183:AAEd0YFwzLYC5o7wSRvCsscvA3eq82_2s9U/getUpdates "HTTP/1.1 200 OK"
2026-03-21 17:48:16,732 | INFO | HTTP Request: POST https://api.telegram.org/bot8641883183:AAEd0YFwzLYC5o7wSRvCsscvA3eq82_2s9U/getUpdates "HTTP/1.1 200 OK"
2026-03-21 17:48:27,059 | INFO | HTTP Request: POST https://api.telegram.org/bot8641883183:AAEd0YFwzLYC5o7wSRvCsscvA3eq82_2s9U/getUpdates "HTTP/1.1 200 OK"
2026-03-21 17:48:37,206 | INFO | HTTP Request: POST https://api.telegram.org/bot8641883183:AAEd0YFwzLYC5o7wSRvCsscvA3eq82_2s9U/getUpdates "HTTP/1.1 200 OK"
2026-03-21 17:48:47,418 | INFO | HTTP Request: POST https://api.telegram.org/bot8641883183:AAEd0YFwzLYC5o7wSRvCsscvA3eq82_2s9U/getUpdates "HTTP/1.1 200 OK"
2026-03-21 17:48:57,782 | INFO | HTTP Request: POST https://api.telegram.org/bot8641883183:AAEd0YFwzLYC5o7wSRvCsscvA3eq82_2s9U/getUpdates "HTTP/1.1 200 OK"
2026-03-21 17:49:08,008 | INFO | HTTP Request: POST https://api.telegram.org/bot8641883183:AAEd0YFwzLYC5o7wSRvCsscvA3eq82_2s9U/getUpdates "HTTP/1.1 200 OK"
2026-03-21 17:49:18,267 | INFO | HTTP Request: POST https://api.telegram.org/bot8641883183:AAEd0YFwzLYC5o7wSRvCsscvA3eq82_2s9U/getUpdates "HTTP/1.1 200 OK"
2026-03-21 17:49:28,409 | INFO | HTTP Request: POST https://api.telegram.org/bot8641883183:AAEd0YFwzLYC5o7wSRvCsscvA3eq82_2s9U/getUpdates "HTTP/1.1 200 OK"
2026-03-21 17:49:38,609 | INFO | HTTP Request: POST https://api.telegram.org/bot8641883183:AAEd0YFwzLYC5o7wSRvCsscvA3eq82_2s9U/getUpdates "HTTP/1.1 200 OK"
2026-03-21 17:49:48,749 | INFO | HTTP Request: POST https://api.telegram.org/bot8641883183:AAEd0YFwzLYC5o7wSRvCsscvA3eq82_2s9U/getUpdates "HTTP/1.1 200 OK"
2026-03-21 17:49:58,897 | INFO | HTTP Request: POST https://api.telegram.org/bot8641883183:AAEd0YFwzLYC5o7wSRvCsscvA3eq82_2s9U/getUpdates "HTTP/1.1 200 OK"
2026-03-21 17:50:09,068 | INFO | HTTP Request: POST https://api.telegram.org/bot8641883183:AAEd0YFwzLYC5o7wSRvCsscvA3eq82_2s9U/getUpdates "HTTP/1.1 200 OK"
2026-03-21 17:50:19,219 | INFO | HTTP Request: POST https://api.telegram.org/bot8641883183:AAEd0YFwzLYC5o7wSRvCsscvA3eq82_2s9U/getUpdates "HTTP/1.1 200 OK"
2026-03-21 17:50:29,361 | INFO | HTTP Request: POST https://api.telegram.org/bot8641883183:AAEd0YFwzLYC5o7wSRvCsscvA3eq82_2s9U/getUpdates "HTTP/1.1 200 OK"
2026-03-21 17:50:39,651 | INFO | HTTP Request: POST https://api.telegram.org/bot8641883183:AAEd0YFwzLYC5o7wSRvCsscvA3eq82_2s9U/getUpdates "HTTP/1.1 200 OK"
2026-03-21 17:50:50,021 | INFO | HTTP Request: POST https://api.telegram.org/bot8641883183:AAEd0YFwzLYC5o7wSRvCsscvA3eq82_2s9U/getUpdates "HTTP/1.1 200 OK"
2026-03-21 17:50:50,992 | INFO | Running job "_poll_job (trigger: interval[0:10:00], next run at: 2026-03-21 22:00:50 UTC)" (scheduled at 2026-03-21 21:50:50.984100+00:00)
2026-03-21 17:50:52,766 | INFO | Job "_poll_job (trigger: interval[0:10:00], next run at: 2026-03-21 22:00:50 UTC)" executed successfully
2026-03-21 17:51:00,402 | INFO | HTTP Request: POST https://api.telegram.org/bot8641883183:AAEd0YFwzLYC5o7wSRvCsscvA3eq82_2s9U/getUpdates "HTTP/1.1 200 OK"
2026-03-21 17:51:10,548 | INFO | HTTP Request: POST https://api.telegram.org/bot8641883183:AAEd0YFwzLYC5o7wSRvCsscvA3eq82_2s9U/getUpdates "HTTP/1.1 200 OK"
2026-03-21 17:51:20,728 | INFO | HTTP Request: POST https://api.telegram.org/bot8641883183:AAEd0YFwzLYC5o7wSRvCsscvA3eq82_2s9U/getUpdates "HTTP/1.1 200 OK"
2026-03-21 17:51:30,963 | INFO | HTTP Request: POST https://api.telegram.org/bot8641883183:AAEd0YFwzLYC5o7wSRvCsscvA3eq82_2s9U/getUpdates "HTTP/1.1 200 OK"
2026-03-21 17:51:41,113 | INFO | HTTP Request: POST https://api.telegram.org/bot8641883183:AAEd0YFwzLYC5o7wSRvCsscvA3eq82_2s9U/getUpdates "HTTP/1.1 200 OK"
2026-03-21 17:51:51,514 | INFO | HTTP Request: POST https://api.telegram.org/bot8641883183:AAEd0YFwzLYC5o7wSRvCsscvA3eq82_2s9U/getUpdates "HTTP/1.1 200 OK"
2026-03-21 17:52:01,749 | INFO | HTTP Request: POST https://api.telegram.org/bot8641883183:AAEd0YFwzLYC5o7wSRvCsscvA3eq82_2s9U/getUpdates "HTTP/1.1 200 OK"
2026-03-21 17:52:11,896 | INFO | HTTP Request: POST https://api.telegram.org/bot8641883183:AAEd0YFwzLYC5o7wSRvCsscvA3eq82_2s9U/getUpdates "HTTP/1.1 200 OK"
2026-03-21 17:52:22,132 | INFO | HTTP Request: POST https://api.telegram.org/bot8641883183:AAEd0YFwzLYC5o7wSRvCsscvA3eq82_2s9U/getUpdates "HTTP/1.1 200 OK"
2026-03-21 17:52:32,641 | INFO | HTTP Request: POST https://api.telegram.org/bot8641883183:AAEd0YFwzLYC5o7wSRvCsscvA3eq82_2s9U/getUpdates "HTTP/1.1 200 OK"
2026-03-21 17:52:43,066 | INFO | HTTP Request: POST https://api.telegram.org/bot8641883183:AAEd0YFwzLYC5o7wSRvCsscvA3eq82_2s9U/getUpdates "HTTP/1.1 200 OK"
2026-03-21 17:52:53,235 | INFO | HTTP Request: POST https://api.telegram.org/bot8641883183:AAEd0YFwzLYC5o7wSRvCsscvA3eq82_2s9U/getUpdates "HTTP/1.1 200 OK"
